// Jest Snapshot v1, https://goo.gl/fbAQLP

exports[`MarkdownFormatter bold 1`] = `"**text**"`;

exports[`MarkdownFormatter footerSeparator 1`] = `"---"`;

exports[`MarkdownFormatter heading 1`] = `"## heading"`;

exports[`MarkdownFormatter link 1`] = `"[text](href)"`;

exports[`MarkdownFormatter listItem 1`] = `"* li"`;

exports[`MarkdownFormatter productTitle 1`] = `"![Accessibility Insights](https://accessibilityinsights.io/img/a11yinsights-blue.svg) Accessibility Insights"`;

exports[`MarkdownFormatter sectionSeparator 1`] = `
"
"
`;

exports[`MarkdownFormatter snippet 1`] = `"\`code\`"`;

exports[`MarkdownFormatter static image 1`] = `"![alt](src)"`;

exports[`MarkdownFormatter static link 1`] = `"[text](href)"`;

exports[`MarkdownFormatter static productTitle 1`] = `"![Accessibility Insights](https://accessibilityinsights.io/img/a11yinsights-blue.svg) Accessibility Insights"`;
